// Jest Snapshot v1, https://goo.gl/fbAQLP

exports[`Should greet 1`] = `
<p>
  Hello There!
</p>
`;
